// Jest Snapshot v1, https://goo.gl/fbAQLP

exports[`<Community /> should render component 1`] = `
<Layout>
  <Component />
</Layout>
`;
