// Jest Snapshot v1, https://goo.gl/fbAQLP

exports[`<CurriculumAdvancedReact /> should render component 1`] = `
<Curriculum
  curriculumTo="/react/curriculum?tab=5ab6244a88546e46fa2b2601full-time"
  firstHalf={
    Array [
      <CurriculumSection
        name="day1"
        subTitle="Advanced React patterns and performance"
        tech="react"
        title="Advanced React Day 1"
        toggleNavigateTo="/react/curriculum?tab=5ab6244a88546e46fa2b2601full-time"
        trainingDateTime="-  09:00 - 18:00"
        trainingId="5ab6244a88546e46fa2b2601"
        trainingInstanceTypeName="full-time"
        trainingType="half-curriculum"
      >
        <React.Fragment>
          <AdvancedReactPatternsSession
            title="Functional Programming & Advanced React patterns"
          />
          <AdvancedHooksAndPerfSession
            title="Advanced Hooks and Performance"
          />
        </React.Fragment>
      </CurriculumSection>,
      <CurriculumSection
        name="day2"
        subTitle="GraphQL 101 & Real-World Testing in React"
        tech="react"
        title="Advanced React Day 2"
        toggleNavigateTo="/react/curriculum?tab=5ab6244a88546e46fa2b2601full-time"
        trainingDateTime="-  09:00 - 18:00"
        trainingId="5ab6244a88546e46fa2b2601"
        trainingInstanceTypeName="full-time"
        trainingType="half-curriculum"
      >
        <React.Fragment>
          <ReactGraphQLIntroSession
            title="GraphQL in React 101"
          />
          <TestingIntroSession
            title="Testing Foundation in JavaScript"
          />
          <TestingInReactSession2
            title="Testing in React & GraphQL"
          />
        </React.Fragment>
      </CurriculumSection>,
      <CurriculumSection
        name="day3"
        subTitle="Building a UI component library"
        tech="react"
        title="Advanced React Day 3"
        toggleNavigateTo="/react/curriculum?tab=5ab6244a88546e46fa2b2601full-time"
        trainingDateTime="-  09:00 - 18:00"
        trainingId="5ab6244a88546e46fa2b2601"
        trainingInstanceTypeName="full-time"
        trainingType="half-curriculum"
      >
        <React.Fragment>
          <StylingInReactSession
            title="Styling in React"
          />
          <DesignSystemSession
            title="Design Systems"
          />
        </React.Fragment>
      </CurriculumSection>,
    ]
  }
  tech="react"
  title="Advanced React Training Outline"
  trainingId="5ab6244a88546e46fa2b2601"
  trainingInstanceTypeName="full-time"
  trainingType="half-curriculum"
/>
`;
