// Jest Snapshot v1, https://goo.gl/fbAQLP

exports[`<CurriculumReactBootcamp /> should render component 1`] = `
<Curriculum
  curriculumTo="/react/curriculum?tab=5a16f0ea4939a601fe2db701full-time"
  firstHalf={
    Array [
      <CurriculumSection
        name="day1"
        subTitle="Thinking in React, Modern JavaScript, Routing & Data Fetching"
        tech="react"
        title="Day  1"
        toggleNavigateTo="/react/curriculum?tab=5a16f0ea4939a601fe2db701full-time"
        trainingDateTime="-  09:00 - 18:00"
        trainingId="5a16f0ea4939a601fe2db701"
        trainingInstanceTypeName="full-time"
        trainingType="full-curriculum"
      >
        <React.Fragment>
          <ThinkingInReactSession />
          <ES6Session />
          <RoutingAndDataFetchingSession />
        </React.Fragment>
      </CurriculumSection>,
      <CurriculumSection
        name="day2"
        subTitle="Forms, Authentication, and Hooks"
        tech="react"
        title="Day  2"
        toggleNavigateTo="/react/curriculum?tab=5a16f0ea4939a601fe2db701full-time"
        trainingDateTime="-  09:00 - 18:00"
        trainingId="5a16f0ea4939a601fe2db701"
        trainingInstanceTypeName="full-time"
        trainingType="full-curriculum"
      >
        <React.Fragment>
          <FormsAndAuthSession />
          <HooksSession />
          <ReactFundamentalsRecapSession />
        </React.Fragment>
      </CurriculumSection>,
      <CurriculumSection
        name="day3"
        subTitle="Redux Fundamentals, deployment to production"
        tech="react"
        title="Day  3"
        toggleNavigateTo="/react/curriculum?tab=5a16f0ea4939a601fe2db701full-time"
        trainingDateTime="-  09:00 - 18:00"
        trainingId="5a16f0ea4939a601fe2db701"
        trainingInstanceTypeName="full-time"
        trainingType="full-curriculum"
      >
        <React.Fragment>
          <IntroReduxSession />
          <FundamentalsFinalProject />
        </React.Fragment>
      </CurriculumSection>,
    ]
  }
  secondHalf={
    Array [
      <CurriculumSection
        name="day4"
        subTitle="Advanced React patterns and performance"
        tech="react"
        title="Day  4"
        toggleNavigateTo="/react/curriculum?tab=5a16f0ea4939a601fe2db701full-time"
        trainingDateTime="-  09:00 - 18:00"
        trainingId="5a16f0ea4939a601fe2db701"
        trainingInstanceTypeName="full-time"
        trainingType="full-curriculum"
      >
        <React.Fragment>
          <AdvancedReactPatternsSession
            title="Functional Programming & Advanced React patterns"
          />
          <AdvancedHooksAndPerfSession
            title="Advanced Hooks and Performance"
          />
        </React.Fragment>
      </CurriculumSection>,
      <CurriculumSection
        name="day5"
        subTitle="GraphQL 101 & Real-World Testing in React"
        tech="react"
        title="Day  5"
        toggleNavigateTo="/react/curriculum?tab=5a16f0ea4939a601fe2db701full-time"
        trainingDateTime="-  09:00 - 18:00"
        trainingId="5a16f0ea4939a601fe2db701"
        trainingInstanceTypeName="full-time"
        trainingType="full-curriculum"
      >
        <React.Fragment>
          <ReactGraphQLIntroSession
            title="GraphQL in React 101"
          />
          <TestingIntroSession
            title="Testing Foundation in JavaScript"
          />
          <TestingInReactSession2
            title="Testing in React & GraphQL"
          />
        </React.Fragment>
      </CurriculumSection>,
      <CurriculumSection
        name="day6"
        subTitle="Building a UI component library"
        tech="react"
        title="Day  6"
        toggleNavigateTo="/react/curriculum?tab=5a16f0ea4939a601fe2db701full-time"
        trainingDateTime="-  09:00 - 18:00"
        trainingId="5a16f0ea4939a601fe2db701"
        trainingInstanceTypeName="full-time"
        trainingType="full-curriculum"
      >
        <React.Fragment>
          <StylingInReactSession
            title="Styling in React"
          />
          <DesignSystemSession
            title="Design Systems"
          />
        </React.Fragment>
      </CurriculumSection>,
    ]
  }
  tech="react"
  title="React Redux Bootcamp Outline"
  trainingId="5a16f0ea4939a601fe2db701"
  trainingInstanceTypeName="full-time"
  trainingType="full-curriculum"
/>
`;
