// Jest Snapshot v1, https://goo.gl/fbAQLP

exports[`<CompoundCompAndContextSession /> should render component 1`] = `
<Session>
  <styled.ul>
    <styled.li>
      Compound Components, dynamically flow data between components
    </styled.li>
    <styled.li>
      Patterns and use cases using "context"
    </styled.li>
  </styled.ul>
</Session>
`;
