// Jest Snapshot v1, https://goo.gl/fbAQLP

exports[`<ES6Session /> should render component 1`] = `
<Session>
  <styled.ul>
    <styled.li>
      Modern JavaScript for React - ES6 and beyond
    </styled.li>
    <styled.li>
      Arrow Functions, Class syntax, Template strings
    </styled.li>
    <styled.li>
      Destructuring
    </styled.li>
    <styled.li>
      Default parameters, Rest operator, Spread operator
    </styled.li>
    <styled.li>
      Let and Const vs Var
    </styled.li>
    <styled.li>
      Rest + Spread properties
    </styled.li>
    <styled.li>
      ES6 iterators and functional programming in JS
    </styled.li>
    <styled.li>
      Modules
    </styled.li>
    <styled.li>
      Promises
    </styled.li>
    <styled.li>
      ES6 exercise using TDD
    </styled.li>
  </styled.ul>
</Session>
`;
