// Jest Snapshot v1, https://goo.gl/fbAQLP

exports[`<Hackathon /> should render component 1`] = `
<Session>
  <styled.ul>
    <styled.li>
      Create teams
    </styled.li>
    <styled.li>
      Discussion about architecture, features and tools
    </styled.li>
    <styled.li>
      Hackathon! - work in teams to build apps
    </styled.li>
    <styled.li>
      Practice extreme programming and get support from the coaches and mentors
    </styled.li>
    <styled.li>
      Demos
    </styled.li>
  </styled.ul>
</Session>
`;
