// Jest Snapshot v1, https://goo.gl/fbAQLP

exports[`<HoCsAndRenderPropsSession /> should render component 1`] = `
<Session>
  <styled.ul>
    <styled.li>
      Functional programming (FP)
      <styled.ul>
        <styled.li>
          Composing React components
        </styled.li>
      </styled.ul>
    </styled.li>
    <styled.li>
      Advanced React patterns to reuse functionality across components
      <styled.ul>
        <styled.li>
          Higher-Order Components (HOCs)
        </styled.li>
        <styled.li>
          Declarative composition using the Render Props (AKA function as children)
        </styled.li>
      </styled.ul>
    </styled.li>
  </styled.ul>
</Session>
`;
