// Jest Snapshot v1, https://goo.gl/fbAQLP

exports[`<IntroReactSession /> should render component 1`] = `
<Session>
  <styled.ul>
    <styled.li>
      The Imperative to Declarative Shift
    </styled.li>
    <styled.li>
      Componentization
    </styled.li>
    <styled.li>
      What is React made up of
      <styled.ul>
        <styled.li>
          Props & State
        </styled.li>
        <styled.li>
          One way data binding
        </styled.li>
        <styled.li>
          Components with and without state. Classes Vs. Functions
        </styled.li>
      </styled.ul>
    </styled.li>
    <styled.li>
      Virtual DOM and JSX
      <styled.ul>
        <styled.li>
          React Components, Elements, and Instances
        </styled.li>
        <styled.li>
          JSX and React.createElement
        </styled.li>
      </styled.ul>
    </styled.li>
    <styled.li>
      Developer tools
    </styled.li>
  </styled.ul>
</Session>
`;
