// Jest Snapshot v1, https://goo.gl/fbAQLP

exports[`<ReactFundamentalsRecapSession /> should render component 1`] = `
<Session>
  <styled.ul>
    <styled.li>
      React
    </styled.li>
    <styled.li>
      React Router
    </styled.li>
    <styled.li>
      Data fetching
    </styled.li>
  </styled.ul>
</Session>
`;
