// Jest Snapshot v1, https://goo.gl/fbAQLP

exports[`<ServerSideRenderingSession /> should render component 1`] = `
<Session>
  <styled.ul>
    <styled.li>
      Webpack
    </styled.li>
    <styled.li>
      Nodejs + React + React Router
    </styled.li>
    <styled.li>
      Universal Redux
    </styled.li>
    <styled.li>
      GraphQL SSR
    </styled.li>
    <styled.li>
      Styled-componets SSR
    </styled.li>
  </styled.ul>
</Session>
`;
