// Jest Snapshot v1, https://goo.gl/fbAQLP

exports[`<Session /> should render component 1`] = `""`;
