// Jest Snapshot v1, https://goo.gl/fbAQLP

exports[`<DesktopMenu /> should render the list of menu items 1`] = `
<Styled(Components)
  sm={true}
  xs={true}
>
  <Styled(styled.ul)
    inline={true}
  >
    <DesktopMenuItem
      key="/curriculum"
      text="Curriculum"
      to="/curriculum"
    />
    <DesktopMenuItem
      key="/react-redux-graphql-bootcamp"
      submenuItems={
        Array [
          Object {
            "text": "Bootcamp",
            "to": "/react-redux-graphql-bootcamp",
          },
          Object {
            "text": "Corporate team training",
            "to": "/corporate-team-training",
          },
          Object {
            "text": "Advanced React",
            "to": "/advanced-react-redux-graphql-bootcamp",
          },
          Object {
            "text": "React Native",
            "to": "/react-native-bootcamp",
          },
          Object {
            "text": "Part-time",
            "to": "/react-redux-graphql-part-time-course",
          },
        ]
      }
      text="Training"
      to="/react-redux-graphql-bootcamp"
    />
    <DesktopMenuItem
      key="/community"
      text="Community"
      to="/community"
    />
    <DesktopMenuItem
      key="/about-us"
      text="About us"
      to="/about-us"
    />
    <DesktopMenuItem
      key="/blog"
      text="Blog"
      to="/blog"
    />
    <DesktopMenuItem
      key="#contact-us"
      text="Contact"
      to="#contact-us"
    />
  </Styled(styled.ul)>
</Styled(Components)>
`;
