// Jest Snapshot v1, https://goo.gl/fbAQLP

exports[`<PhoneMenu /> should render the list of menu items 1`] = `
<Menu
  bodyClassName=""
  burgerBarClassName=""
  burgerButtonClassName=""
  className=""
  crossButtonClassName=""
  crossClassName=""
  disableCloseOnEsc={false}
  id=""
  isOpen={false}
  itemClassName=""
  itemListClassName=""
  menuClassName=""
  morphShapeClassName=""
  noOverlay={false}
  onStateChange={[Function]}
  outerContainerId=""
  overlayClassName=""
  pageWrapId=""
  styles={Object {}}
  width={300}
>
  <RJSALogo />
  <PhoneMenuItem
    key="0"
    onClick={[Function]}
    to="/curriculum"
  >
    Curriculum
  </PhoneMenuItem>
  <PhoneMenuItem
    key="1"
    onClick={[Function]}
    to="/react-redux-graphql-bootcamp"
  >
    React bootcamp
  </PhoneMenuItem>
  <PhoneMenuItem
    key="2"
    onClick={[Function]}
    to="/advanced-react-redux-graphql-bootcamp"
  >
    Advanced React
  </PhoneMenuItem>
  <PhoneMenuItem
    key="3"
    onClick={[Function]}
    to="/react-native-bootcamp"
  >
    React Native
  </PhoneMenuItem>
  <PhoneMenuItem
    key="4"
    onClick={[Function]}
    to="/react-redux-graphql-part-time-course"
  >
    Part-time
  </PhoneMenuItem>
  <PhoneMenuItem
    key="5"
    onClick={[Function]}
    to="/about-us"
  >
    About us
  </PhoneMenuItem>
  <PhoneMenuItem
    key="6"
    onClick={[Function]}
    to="mailto:hello@reactjs.academy"
  >
    Contact
  </PhoneMenuItem>
</Menu>
`;
