// Jest Snapshot v1, https://goo.gl/fbAQLP

exports[`<CurriculumReactBootcamp /> should render component 1`] = `
<Fragment>
  <Row>
    <Styled(Col)
      lg={10}
      lgOffset={1}
    >
      <Styled(Styled(Box))
        box="h2"
        fontSize={5}
        fontWeight="bold"
        lineHeight={6}
        mb={5}
        pt={5}
      >
        React Bootcamp Curriculum
         
        <Link
          name="curriculum"
          to="#curriculum"
        >
          #
        </Link>
      </Styled(Styled(Box))>
    </Styled(Col)>
  </Row>
  <Row>
    <Styled(Col)
      lg={5}
      lgOffset={1}
      md={6}
    >
      <Styled(Box)
        box="h3"
        fontSize={4}
        lineHeight={4}
        pt={4}
      >
        Course outline
      </Styled(Box)>
      <CurriculumSection
        name="day0"
        subTitle="React 101 and JS fundamentals"
        title="Evening pre-bootcamp"
        toggleNavigateTo={[Function]}
        trainingTime=" 9am - 6:30pm"
        type="React Bootcamp"
      >
        <ReactJS101Session />
      </CurriculumSection>
      <CurriculumSection
        name="day1"
        subTitle="Modern JavaScript, Thinking in React, Routing & Data Fetching"
        title="Day 1"
        toggleNavigateTo={[Function]}
        trainingTime=" 9am - 6:30pm"
        type="React Bootcamp"
      >
        <ES6Session
          title="Modern JavaScript"
        />
        <ThinkingInReactSession
          title="Thinking in React"
        />
        <RoutingAndDataFetchingSession
          title="Routing and Data Fetching"
        />
      </CurriculumSection>
      <CurriculumSection
        name="day2"
        subTitle="Forms, Authentication, Styling in React"
        title="Day 2"
        toggleNavigateTo={[Function]}
        trainingTime=" 9am - 6:30pm"
        type="React Bootcamp"
      >
        <FormsAndAuthSession
          title="Forms and Authentication"
        />
        <ReactFundamentalsRecapSession
          title="React Fundamentals recap, build a React app from scratch on your own to consolidate:"
        />
        <StylingInReactSession
          title="Styling in React"
        />
      </CurriculumSection>
      <CurriculumSection
        name="day3"
        subTitle="Redux Fundamentals, Advanced Redux, and FP"
        title="Day 3"
        toggleNavigateTo={[Function]}
        trainingTime=" 9am - 6:30pm"
        type="React Bootcamp"
      >
        <IntroReduxSession
          title="Redux Fundamentals"
        />
        <AdvancedReduxSession
          title="Advanced Redux"
        />
      </CurriculumSection>
      <CurriculumSection
        name="day4"
        subTitle="Advanced React patterns, Hooks, and performance"
        title="Day 4"
        toggleNavigateTo={[Function]}
        trainingTime=" 9am - 6:30pm"
        type="React Bootcamp"
      >
        <HoCsRenderPropsStateReducerSession
          title="Functional Programming & Advanced React patterns"
        />
        <ReactPerformanceSession
          title="Performance"
        />
      </CurriculumSection>
      <CurriculumSection
        name="day5"
        subTitle="Real-world Testing in React"
        title="Day 5"
        toggleNavigateTo={[Function]}
        trainingTime=" 9am - 6:30pm"
        type="React Bootcamp"
      >
        <TestingIntroSession
          title="Testing Foundation in JS"
        />
        <TestingInReactSession
          title="Testing in React"
        />
        <E2ESession
          title="End-to-End Testing"
        />
      </CurriculumSection>
      <Styled(Box)
        pt={5}
      >
        <LinkButton
          border={0}
          borderRadius={2}
          box="button"
          boxShadow="light"
          fontSize={2}
          letterSpacing=" 0.6px"
          px={4}
          py={1}
          textAlign="center"
          to="/react/curriculum?tab=React Bootcamp"
          variant="default"
        >
          Full curriculum
        </LinkButton>
      </Styled(Box)>
    </Styled(Col)>
    <Styled(Col)
      lg={4}
      md={5}
      mdOffset={1}
    />
  </Row>
</Fragment>
`;
