// Jest Snapshot v1, https://goo.gl/fbAQLP

exports[`<CurriculumReactNative /> should render component 1`] = `
<Fragment>
  <Row>
    <Styled(Col)
      lg={10}
      lgOffset={1}
    >
      <Styled(styled.h2)>
        React Native Curriculum
        <Link
          name="curriculum"
          to="#curriculum"
        >
          #
        </Link>
      </Styled(styled.h2)>
    </Styled(Col)>
  </Row>
  <Row>
    <Styled(Col)
      lg={5}
      lgOffset={1}
      md={6}
    >
      <withRouter(CurriculumSection)
        name="day1"
        subTitle="Foundation, Navigation, and Animations"
        title="React Native Day 1"
        toggleNavigateTo={[Function]}
        type="React Native"
      >
        <ReactNativeFoundationSession
          title="Foundation"
        />
        <ReactNativeNavigationSession
          title="Navigation"
        />
        <ReactNativeAnimationsSession
          title="Animations"
        />
      </withRouter(CurriculumSection)>
      <withRouter(CurriculumSection)
        name="day2"
        subTitle="Gestures, Offline, Assets Management & Push Notifications"
        title="React Native Day 2"
        toggleNavigateTo={[Function]}
        type="React Native"
      >
        <ReactNativeGesturesSession
          title="Gestures"
        />
        <ReactNativeOfflineAndAssetCreationSession
          title="Handling Offline & Assets Management"
        />
        <ReactNativePushNotificationSession
          title="Push Notifications"
        />
      </withRouter(CurriculumSection)>
      <withRouter(CurriculumSection)
        name="day3"
        subTitle="Testing, Native Modules & Release to Production"
        title="React Native Day 3"
        toggleNavigateTo={[Function]}
        type="React Native"
      >
        <ReactNativeTestingSession
          title="Testing in React Native"
        />
        <ReactNativeNativeModulesSession
          title="Native Modules"
        />
        <ReactNativeProductionSession
          title="Release to Production"
        />
      </withRouter(CurriculumSection)>
      <styled.div>
        <LinkButton
          secondary={true}
          to="/curriculum?tab=React Native"
          trackUserBehaviour={[Function]}
        >
          Full curriculum&gt;&gt;
        </LinkButton>
      </styled.div>
    </Styled(Col)>
    <Styled(Col)
      lg={5}
      lgOffset={1}
      md={6}
    >
      <UpcomingTrainingSection
        curriculum={true}
        type="React Native"
      />
    </Styled(Col)>
  </Row>
</Fragment>
`;
