// Jest Snapshot v1, https://goo.gl/fbAQLP

exports[`<CurriculumPartTime /> should render component 1`] = `
<Curriculum
  curriculumTo="/react/curriculum?tab=Part-time"
  firstHalf={
    Array [
      <CurriculumSection
        mt={4}
        name="session1"
        title="Session 1 - Modern JavaScript"
        toggleNavigateTo="/react/curriculum?tab=Part-time"
        type="Part-time"
      >
        <ES6Session />
      </CurriculumSection>,
      <CurriculumSection
        mt={4}
        name="session2"
        title="Session 2 - Thinking in React"
        toggleNavigateTo="/react/curriculum?tab=Part-time"
        type="Part-time"
      >
        <ThinkingInReactSession />
      </CurriculumSection>,
      <CurriculumSection
        mt={4}
        name="session3"
        title="Session 3 - Routing & Data Fetching"
        toggleNavigateTo="/react/curriculum?tab=Part-time"
        type="Part-time"
      >
        <RoutingAndDataFetchingSession />
      </CurriculumSection>,
      <CurriculumSection
        mt={4}
        name="session4"
        title="Session 4 - Forms & Auth"
        toggleNavigateTo="/react/curriculum?tab=Part-time"
        type="Part-time"
      >
        <FormsAndAuthSession />
      </CurriculumSection>,
      <CurriculumSection
        mt={4}
        name="session5"
        title="Session 5 - Recap: build a React app from scratch"
        toggleNavigateTo="/react/curriculum?tab=Part-time"
        type="Part-time"
      >
        <ReactFundamentalsRecapSession />
      </CurriculumSection>,
    ]
  }
  secondHalf={
    Array [
      <CurriculumSection
        mt={4}
        name="session6"
        title="Session 6 - Styling in React"
        toggleNavigateTo="/react/curriculum?tab=Part-time"
        type="Part-time"
      >
        <StylingInReactSession />
      </CurriculumSection>,
      <CurriculumSection
        mt={4}
        name="session7"
        title="Session 7 - Redux"
        toggleNavigateTo="/react/curriculum?tab=Part-time"
        type="Part-time"
      >
        <IntroReduxSession />
      </CurriculumSection>,
      <CurriculumSection
        mt={4}
        name="session8"
        title="Session 8 - Testing Fundamentals in JS"
        toggleNavigateTo="/react/curriculum?tab=Part-time"
        type="Part-time"
      >
        <TestingIntroSession />
      </CurriculumSection>,
      <CurriculumSection
        mt={4}
        name="session9"
        title="Session 9 - React Hooks"
        toggleNavigateTo="/react/curriculum?tab=Part-time"
        type="Part-time"
      >
        <HooksSession />
      </CurriculumSection>,
      <CurriculumSection
        mt={4}
        name="session10"
        title="Session 10 - React Redux Real-world Final Project"
        toggleNavigateTo="/react/curriculum?tab=Part-time"
        type="Part-time"
      >
        <PartTimeFinalProject />
      </CurriculumSection>,
    ]
  }
  title="Part-time course curriculum"
  type="Part-time"
/>
`;
