// Jest Snapshot v1, https://goo.gl/fbAQLP

exports[`<FullCurriculum /> should render component 1`] = `
<Fragment>
  <Row>
    <Styled(Col)
      lg={10}
      lgOffset={1}
      md={12}
      xs={12}
    >
      <Styled(styled.h1)>
        Our React curriculum
         
        <Link
          name="curriculum"
          to="#curriculum"
        >
          #
        </Link>
      </Styled(styled.h1)>
    </Styled(Col)>
  </Row>
  <CurriculumBootcamp
    showTitle={false}
  />
</Fragment>
`;
