// Jest Snapshot v1, https://goo.gl/fbAQLP

exports[`<MarketingCard /> should render component 1`] = `
<styled.div>
  <Row>
    <Styled(Col)
      md={6}
    >
      <styled.h4 />
      <styled.span />
    </Styled(Col)>
    <Styled(Col)
      center={true}
      lgOffset={1}
      md={5}
    >
      <div>
        <LinkButton
          trackUserBehaviour={[Function]}
          variant="secondary"
        />
      </div>
    </Styled(Col)>
  </Row>
</styled.div>
`;
