// Jest Snapshot v1, https://goo.gl/fbAQLP

exports[`<ReactNativeAnimationsSession /> should render component 1`] = `
<Session>
  <styled.ul>
    <styled.li>
      Basic Animations
    </styled.li>
    <styled.li>
      Animated API
    </styled.li>
    <styled.li>
      Interpolations, Linear animations, and Easings
    </styled.li>
    <styled.li>
      Composing animations
    </styled.li>
  </styled.ul>
</Session>
`;
