// Jest Snapshot v1, https://goo.gl/fbAQLP

exports[`<ReactNativeNavigationSession /> should render component 1`] = `
<Session>
  <styled.ul>
    <styled.li>
      Types of navigations
    </styled.li>
    <styled.li>
      react-navigation
    </styled.li>
  </styled.ul>
</Session>
`;
