// Jest Snapshot v1, https://goo.gl/fbAQLP

exports[`<ReactNativeGesturesSession /> should render component 1`] = `
<Session>
  <styled.ul>
    <styled.li>
      JSResponder
    </styled.li>
    <styled.li>
      PanGestureHandler
    </styled.li>
    <styled.li>
      RotationGestureHandler
    </styled.li>
    <styled.li>
      PinchGestureHandler
    </styled.li>
    <styled.li>
      Gestures Lifecycle
    </styled.li>
    <styled.li>
      Composing Handlers
    </styled.li>
    <styled.li>
      react-native-gesture-handler limitations
    </styled.li>
  </styled.ul>
</Session>
`;
