// Jest Snapshot v1, https://goo.gl/fbAQLP

exports[`<ReactNativeFoundationSession /> should render component 1`] = `
<Session>
  <styled.ul>
    <styled.li>
      Architecture
    </styled.li>
    <styled.li>
      Project setup
    </styled.li>
    <styled.li>
      Layout
    </styled.li>
    <styled.li>
      Styling
    </styled.li>
    <styled.li>
      Forms
    </styled.li>
  </styled.ul>
</Session>
`;
